// Jest Snapshot v1, https://goo.gl/fbAQLP

exports[`LoadingScreen should render snapshot correctly 1`] = `
<div>
  <p>
    Loading ...
  </p>
</div>
`;
