// Jest Snapshot v1, https://goo.gl/fbAQLP

exports[`PropertyFeatures should render snapshot correctly 1`] = `
<div>
  <ul
    class="property__features"
  >
    <li
      class="property__feature property__feature--entire"
    >
      room
    </li>
    <li
      class="property__feature property__feature--bedrooms"
    >
      1 Bedrooms
    </li>
    <li
      class="property__feature property__feature--adults"
    >
      Max 1 adults
    </li>
  </ul>
</div>
`;
