// Jest Snapshot v1, https://goo.gl/fbAQLP

exports[`NearPlaces should render snapshot correctly 1`] = `
<div>
  <section
    class="near-places places"
  >
    <h2
      class="near-places__title"
    >
      Other places in the neighbourhood
    </h2>
    <div
      class="near-places__list places__list"
    >
      <article
        class="near-places__card place-card"
        data-cart-id="103"
      >
        <div
          class="near-places__image-wrapper place-card__image-wrapper"
        >
          <a
            href="/offer/103"
          >
            <img
              alt="Place image"
              class="place-card__image"
              height="200"
              src="https://assets.htmlacademy.ru/intensives/javascript-3/hotel/19.jpg"
              width="260"
            />
          </a>
        </div>
        <div
          class=" place-card__info"
        >
          <div
            class="place-card__price-wrapper"
          >
            <div
              class="place-card__price"
            >
              <b
                class="place-card__price-value"
              >
                €
                295
              </b>
              <span
                class="place-card__price-text"
              >
                / night
              </span>
            </div>
            <button
              class="place-card__bookmark-button  button"
              type="button"
            >
              <svg
                class="place-card__bookmark-icon"
                height="19"
                width="18"
              >
                <use
                  xlink:href="#icon-bookmark"
                />
              </svg>
              <span
                class="visually-hidden"
              >
                To bookmarks
              </span>
            </button>
          </div>
          <div
            class="place-card__rating rating"
          >
            <div
              class="place-card__stars rating__stars"
            >
              <span
                style="width: 56%;"
              />
              <span
                class="visually-hidden"
              >
                Rating
              </span>
            </div>
          </div>
          <h2
            class="place-card__name"
          >
            <a
              href="/offer/103"
            >
              The Pondhouse - A Magical Place
            </a>
          </h2>
          <p
            class="place-card__type"
          >
            hotel
          </p>
        </div>
      </article>
      <article
        class="near-places__card place-card"
        data-cart-id="102"
      >
        <div
          class="near-places__image-wrapper place-card__image-wrapper"
        >
          <a
            href="/offer/102"
          >
            <img
              alt="Place image"
              class="place-card__image"
              height="200"
              src="https://assets.htmlacademy.ru/intensives/javascript-3/hotel/6.jpg"
              width="260"
            />
          </a>
        </div>
        <div
          class=" place-card__info"
        >
          <div
            class="place-card__price-wrapper"
          >
            <div
              class="place-card__price"
            >
              <b
                class="place-card__price-value"
              >
                €
                123
              </b>
              <span
                class="place-card__price-text"
              >
                / night
              </span>
            </div>
            <button
              class="place-card__bookmark-button  button"
              type="button"
            >
              <svg
                class="place-card__bookmark-icon"
                height="19"
                width="18"
              >
                <use
                  xlink:href="#icon-bookmark"
                />
              </svg>
              <span
                class="visually-hidden"
              >
                To bookmarks
              </span>
            </button>
          </div>
          <div
            class="place-card__rating rating"
          >
            <div
              class="place-card__stars rating__stars"
            >
              <span
                style="width: 88%;"
              />
              <span
                class="visually-hidden"
              >
                Rating
              </span>
            </div>
          </div>
          <h2
            class="place-card__name"
          >
            <a
              href="/offer/102"
            >
              Waterfront with extraordinary view
            </a>
          </h2>
          <p
            class="place-card__type"
          >
            room
          </p>
        </div>
      </article>
      <article
        class="near-places__card place-card"
        data-cart-id="33"
      >
        <div
          class="near-places__image-wrapper place-card__image-wrapper"
        >
          <a
            href="/offer/33"
          >
            <img
              alt="Place image"
              class="place-card__image"
              height="200"
              src="https://assets.htmlacademy.ru/intensives/javascript-3/hotel/17.jpg"
              width="260"
            />
          </a>
        </div>
        <div
          class=" place-card__info"
        >
          <div
            class="place-card__price-wrapper"
          >
            <div
              class="place-card__price"
            >
              <b
                class="place-card__price-value"
              >
                €
                560
              </b>
              <span
                class="place-card__price-text"
              >
                / night
              </span>
            </div>
            <button
              class="place-card__bookmark-button  button"
              type="button"
            >
              <svg
                class="place-card__bookmark-icon"
                height="19"
                width="18"
              >
                <use
                  xlink:href="#icon-bookmark"
                />
              </svg>
              <span
                class="visually-hidden"
              >
                To bookmarks
              </span>
            </button>
          </div>
          <div
            class="place-card__rating rating"
          >
            <div
              class="place-card__stars rating__stars"
            >
              <span
                style="width: 60%;"
              />
              <span
                class="visually-hidden"
              >
                Rating
              </span>
            </div>
          </div>
          <h2
            class="place-card__name"
          >
            <a
              href="/offer/33"
            >
              Wood and stone place
            </a>
          </h2>
          <p
            class="place-card__type"
          >
            house
          </p>
        </div>
      </article>
    </div>
  </section>
</div>
`;
