// Jest Snapshot v1, https://goo.gl/fbAQLP

exports[`PlaceList should render snapshot correctly 1`] = `
<div>
  <div
    class="cities__places-list places__list tabs__content"
  >
    <article
      class="cities__place-card place-card"
      data-cart-id="1"
    >
      <div
        class="place-card__mark"
      >
        <span>
          Premium
        </span>
      </div>
      <div
        class="cities__image-wrapper place-card__image-wrapper"
      >
        <a
          href="/offer/1"
        >
          <img
            alt="Place image"
            class="place-card__image"
            height="200"
            src="https://assets.htmlacademy.ru/intensives/javascript-3/hotel/16.jpg"
            width="260"
          />
        </a>
      </div>
      <div
        class=" place-card__info"
      >
        <div
          class="place-card__price-wrapper"
        >
          <div
            class="place-card__price"
          >
            <b
              class="place-card__price-value"
            >
              €
              169
            </b>
            <span
              class="place-card__price-text"
            >
              / night
            </span>
          </div>
          <button
            class="place-card__bookmark-button place-card__bookmark-button--active button"
            type="button"
          >
            <svg
              class="place-card__bookmark-icon"
              height="19"
              width="18"
            >
              <use
                xlink:href="#icon-bookmark"
              />
            </svg>
            <span
              class="visually-hidden"
            >
              In bookmarks
            </span>
          </button>
        </div>
        <div
          class="place-card__rating rating"
        >
          <div
            class="place-card__stars rating__stars"
          >
            <span
              style="width: 60%;"
            />
            <span
              class="visually-hidden"
            >
              Rating
            </span>
          </div>
        </div>
        <h2
          class="place-card__name"
        >
          <a
            href="/offer/1"
          >
            The house among olive 
          </a>
        </h2>
        <p
          class="place-card__type"
        >
          room
        </p>
      </div>
    </article>
    <article
      class="cities__place-card place-card"
      data-cart-id="2"
    >
      <div
        class="cities__image-wrapper place-card__image-wrapper"
      >
        <a
          href="/offer/2"
        >
          <img
            alt="Place image"
            class="place-card__image"
            height="200"
            src="https://assets.htmlacademy.ru/intensives/javascript-3/hotel/18.jpg"
            width="260"
          />
        </a>
      </div>
      <div
        class=" place-card__info"
      >
        <div
          class="place-card__price-wrapper"
        >
          <div
            class="place-card__price"
          >
            <b
              class="place-card__price-value"
            >
              €
              310
            </b>
            <span
              class="place-card__price-text"
            >
              / night
            </span>
          </div>
          <button
            class="place-card__bookmark-button  button"
            type="button"
          >
            <svg
              class="place-card__bookmark-icon"
              height="19"
              width="18"
            >
              <use
                xlink:href="#icon-bookmark"
              />
            </svg>
            <span
              class="visually-hidden"
            >
              To bookmarks
            </span>
          </button>
        </div>
        <div
          class="place-card__rating rating"
        >
          <div
            class="place-card__stars rating__stars"
          >
            <span
              style="width: 96%;"
            />
            <span
              class="visually-hidden"
            >
              Rating
            </span>
          </div>
        </div>
        <h2
          class="place-card__name"
        >
          <a
            href="/offer/2"
          >
            Waterfront with extraordinary view
          </a>
        </h2>
        <p
          class="place-card__type"
        >
          apartment
        </p>
      </div>
    </article>
    <article
      class="cities__place-card place-card"
      data-cart-id="3"
    >
      <div
        class="place-card__mark"
      >
        <span>
          Premium
        </span>
      </div>
      <div
        class="cities__image-wrapper place-card__image-wrapper"
      >
        <a
          href="/offer/3"
        >
          <img
            alt="Place image"
            class="place-card__image"
            height="200"
            src="https://assets.htmlacademy.ru/intensives/javascript-3/hotel/14.jpg"
            width="260"
          />
        </a>
      </div>
      <div
        class=" place-card__info"
      >
        <div
          class="place-card__price-wrapper"
        >
          <div
            class="place-card__price"
          >
            <b
              class="place-card__price-value"
            >
              €
              182
            </b>
            <span
              class="place-card__price-text"
            >
              / night
            </span>
          </div>
          <button
            class="place-card__bookmark-button place-card__bookmark-button--active button"
            type="button"
          >
            <svg
              class="place-card__bookmark-icon"
              height="19"
              width="18"
            >
              <use
                xlink:href="#icon-bookmark"
              />
            </svg>
            <span
              class="visually-hidden"
            >
              In bookmarks
            </span>
          </button>
        </div>
        <div
          class="place-card__rating rating"
        >
          <div
            class="place-card__stars rating__stars"
          >
            <span
              style="width: 84%;"
            />
            <span
              class="visually-hidden"
            >
              Rating
            </span>
          </div>
        </div>
        <h2
          class="place-card__name"
        >
          <a
            href="/offer/3"
          >
            Penthouse, 4-5 rooms + 5 balconies
          </a>
        </h2>
        <p
          class="place-card__type"
        >
          hotel
        </p>
      </div>
    </article>
  </div>
</div>
`;
